C:/Users/asiat/Videos/DinoGame/DinoGame/Core/Src/main.c:970:13:SPI5_Write	16	static
C:/Users/asiat/Videos/DinoGame/DinoGame/Core/Src/main.c:1082:6:StartDefaultTask	8	static
C:/Users/asiat/Videos/DinoGame/DinoGame/Core/Src/main.c:1101:6:StartHardwarePollingTask	8	static
C:/Users/asiat/Videos/DinoGame/DinoGame/Core/Src/main.c:269:6:SystemClock_Config	96	static
C:/Users/asiat/Videos/DinoGame/DinoGame/Core/Src/main.c:177:5:main	120	static
C:/Users/asiat/Videos/DinoGame/DinoGame/Core/Src/main.c:814:6:IOE_Init	0	static
C:/Users/asiat/Videos/DinoGame/DinoGame/Core/Src/main.c:823:6:IOE_ITConfig	0	static
C:/Users/asiat/Videos/DinoGame/DinoGame/Core/Src/main.c:835:6:IOE_Write	32	static
C:/Users/asiat/Videos/DinoGame/DinoGame/Core/Src/main.c:846:9:IOE_Read	32	static
C:/Users/asiat/Videos/DinoGame/DinoGame/Core/Src/main.c:859:10:IOE_ReadMultiple	24	static
C:/Users/asiat/Videos/DinoGame/DinoGame/Core/Src/main.c:868:6:IOE_Delay	0	static
C:/Users/asiat/Videos/DinoGame/DinoGame/Core/Src/main.c:996:6:LCD_IO_Init	8	static
C:/Users/asiat/Videos/DinoGame/DinoGame/Core/Src/main.c:1006:6:LCD_IO_WriteData	16	static
C:/Users/asiat/Videos/DinoGame/DinoGame/Core/Src/main.c:1022:6:LCD_IO_WriteReg	16	static
C:/Users/asiat/Videos/DinoGame/DinoGame/Core/Src/main.c:1041:10:LCD_IO_ReadData	32	static
C:/Users/asiat/Videos/DinoGame/DinoGame/Core/Src/main.c:1068:6:LCD_Delay	0	static
C:/Users/asiat/Videos/DinoGame/DinoGame/Core/Src/main.c:1126:6:HAL_TIM_PeriodElapsedCallback	0	static
C:/Users/asiat/Videos/DinoGame/DinoGame/Core/Src/main.c:1143:6:Error_Handler	0	static
